
AVRASM ver. 2.1.30  C:\work\avr\Debug\List\lcd.asm Fri Jan 05 17:02:09 2024

C:\work\avr\Debug\List\lcd.asm(1420): warning: Register r5 already defined by the .DEF directive
C:\work\avr\Debug\List\lcd.asm(1421): warning: Register r4 already defined by the .DEF directive
C:\work\avr\Debug\List\lcd.asm(1422): warning: Register r7 already defined by the .DEF directive
                 
                 
                 ;CodeVisionAVR C Compiler V4.00a Evaluation
                 ;(C) Copyright 1998-2023 Pavel Haiduc, HP InfoTech S.R.L.
                 ;http://www.hpinfotech.ro
                 
                 ;Build configuration    : Debug
                 ;Chip type              : ATmega128A
                 ;Program type           : Application
                 ;Clock frequency        : 16.000000 MHz
                 ;Memory model           : Small
                 ;Optimize for           : Size
                 ;(s)printf features     : int, width
                 ;(s)scanf features      : int, width
                 ;External RAM size      : 0
                 ;Data Stack size        : 1024 byte(s)
                 ;Heap size              : 0 byte(s)
                 ;Promote 'char' to 'int': Yes
                 ;'char' is unsigned     : Yes
                 ;8 bit enums            : Yes
                 ;Global 'const' stored in FLASH: Yes
                 ;Enhanced function parameter passing: Mode 2
                 ;Enhanced core instructions: On
                 ;Automatic register allocation for global variables: On
                 ;Smart register allocation: On
                 
                 	#define _MODEL_SMALL_
                 
                 	#pragma AVRPART ADMIN PART_NAME ATmega128A
                 	#pragma AVRPART MEMORY PROG_FLASH 131072
                 	#pragma AVRPART MEMORY EEPROM 4096
                 	#pragma AVRPART MEMORY INT_SRAM SIZE 4096
                 	#pragma AVRPART MEMORY INT_SRAM START_ADDR 0x100
                 
                 	#define CALL_SUPPORTED 1
                 
                 	.LISTMAC
                 
                 	.EQU UDRE=0x5
                 	.EQU RXC=0x7
                 	.EQU USR=0xB
                 	.EQU UDR=0xC
                 	.EQU SPSR=0xE
                 	.EQU SPDR=0xF
                 	.EQU EERE=0x0
                 	.EQU EEWE=0x1
                 	.EQU EEMWE=0x2
                 	.EQU EECR=0x1C
                 	.EQU EEDR=0x1D
                 	.EQU EEARL=0x1E
                 	.EQU EEARH=0x1F
                 	.EQU WDTCR=0x21
                 	.EQU MCUCR=0x35
                 	.EQU SPMCSR=0x68
                 	.EQU RAMPZ=0x3B
                 	.EQU SPL=0x3D
                 	.EQU SPH=0x3E
                 	.EQU SREG=0x3F
                 	.EQU XMCRA=0x6D
                 	.EQU XMCRB=0x6C
                 
                 	.DEF R0X0=R0
                 	.DEF R0X1=R1
                 	.DEF R0X2=R2
                 	.DEF R0X3=R3
                 	.DEF R0X4=R4
                 	.DEF R0X5=R5
                 	.DEF R0X6=R6
                 	.DEF R0X7=R7
                 	.DEF R0X8=R8
                 	.DEF R0X9=R9
                 	.DEF R0XA=R10
                 	.DEF R0XB=R11
                 	.DEF R0XC=R12
                 	.DEF R0XD=R13
                 	.DEF R0XE=R14
                 	.DEF R0XF=R15
                 	.DEF R0X10=R16
                 	.DEF R0X11=R17
                 	.DEF R0X12=R18
                 	.DEF R0X13=R19
                 	.DEF R0X14=R20
                 	.DEF R0X15=R21
                 	.DEF R0X16=R22
                 	.DEF R0X17=R23
                 	.DEF R0X18=R24
                 	.DEF R0X19=R25
                 	.DEF R0X1A=R26
                 	.DEF R0X1B=R27
                 	.DEF R0X1C=R28
                 	.DEF R0X1D=R29
                 	.DEF R0X1E=R30
                 	.DEF R0X1F=R31
                 
                 	.EQU __SRAM_START=0x0100
                 	.EQU __SRAM_END=0x10FF
                 	.EQU __DSTACK_SIZE=0x0400
                 	.EQU __HEAP_SIZE=0x0000
                 	.EQU __CLEAR_SRAM_SIZE=__SRAM_END-__SRAM_START+1
                 
                 	.EQU __FLASH_PAGE_SIZE=0x80
                 
                 	.MACRO __CPD1N
                 	CPI  R30,LOW(@0)
                 	LDI  R26,HIGH(@0)
                 	CPC  R31,R26
                 	LDI  R26,BYTE3(@0)
                 	CPC  R22,R26
                 	LDI  R26,BYTE4(@0)
                 	CPC  R23,R26
                 	.ENDM
                 
                 	.MACRO __CPD2N
                 	CPI  R26,LOW(@0)
                 	LDI  R30,HIGH(@0)
                 	CPC  R27,R30
                 	LDI  R30,BYTE3(@0)
                 	CPC  R24,R30
                 	LDI  R30,BYTE4(@0)
                 	CPC  R25,R30
                 	.ENDM
                 
                 	.MACRO __CPWRR
                 	CP   R@0,R@2
                 	CPC  R@1,R@3
                 	.ENDM
                 
                 	.MACRO __CPWRN
                 	CPI  R@0,LOW(@2)
                 	LDI  R30,HIGH(@2)
                 	CPC  R@1,R30
                 	.ENDM
                 
                 	.MACRO __ADDB1MN
                 	SUBI R30,LOW(-@0-(@1))
                 	.ENDM
                 
                 	.MACRO __ADDB2MN
                 	SUBI R26,LOW(-@0-(@1))
                 	.ENDM
                 
                 	.MACRO __ADDW1MN
                 	SUBI R30,LOW(-@0-(@1))
                 	SBCI R31,HIGH(-@0-(@1))
                 	.ENDM
                 
                 	.MACRO __ADDW2MN
                 	SUBI R26,LOW(-@0-(@1))
                 	SBCI R27,HIGH(-@0-(@1))
                 	.ENDM
                 
                 	.MACRO __ADDW1FN
                 	SUBI R30,LOW(-2*@0-(@1))
                 	SBCI R31,HIGH(-2*@0-(@1))
                 	.ENDM
                 
                 	.MACRO __ADDD1FN
                 	SUBI R30,LOW(-2*@0-(@1))
                 	SBCI R31,HIGH(-2*@0-(@1))
                 	SBCI R22,BYTE3(-2*@0-(@1))
                 	.ENDM
                 
                 	.MACRO __ADDD1N
                 	SUBI R30,LOW(-@0)
                 	SBCI R31,HIGH(-@0)
                 	SBCI R22,BYTE3(-@0)
                 	SBCI R23,BYTE4(-@0)
                 	.ENDM
                 
                 	.MACRO __ADDD2N
                 	SUBI R26,LOW(-@0)
                 	SBCI R27,HIGH(-@0)
                 	SBCI R24,BYTE3(-@0)
                 	SBCI R25,BYTE4(-@0)
                 	.ENDM
                 
                 	.MACRO __SUBD1N
                 	SUBI R30,LOW(@0)
                 	SBCI R31,HIGH(@0)
                 	SBCI R22,BYTE3(@0)
                 	SBCI R23,BYTE4(@0)
                 	.ENDM
                 
                 	.MACRO __SUBD2N
                 	SUBI R26,LOW(@0)
                 	SBCI R27,HIGH(@0)
                 	SBCI R24,BYTE3(@0)
                 	SBCI R25,BYTE4(@0)
                 	.ENDM
                 
                 	.MACRO __ANDBMNN
                 	LDS  R30,@0+(@1)
                 	ANDI R30,LOW(@2)
                 	STS  @0+(@1),R30
                 	.ENDM
                 
                 	.MACRO __ANDWMNN
                 	LDS  R30,@0+(@1)
                 	ANDI R30,LOW(@2)
                 	STS  @0+(@1),R30
                 	LDS  R30,@0+(@1)+1
                 	ANDI R30,HIGH(@2)
                 	STS  @0+(@1)+1,R30
                 	.ENDM
                 
                 	.MACRO __ANDD1N
                 	ANDI R30,LOW(@0)
                 	ANDI R31,HIGH(@0)
                 	ANDI R22,BYTE3(@0)
                 	ANDI R23,BYTE4(@0)
                 	.ENDM
                 
                 	.MACRO __ANDD2N
                 	ANDI R26,LOW(@0)
                 	ANDI R27,HIGH(@0)
                 	ANDI R24,BYTE3(@0)
                 	ANDI R25,BYTE4(@0)
                 	.ENDM
                 
                 	.MACRO __ORBMNN
                 	LDS  R30,@0+(@1)
                 	ORI  R30,LOW(@2)
                 	STS  @0+(@1),R30
                 	.ENDM
                 
                 	.MACRO __ORWMNN
                 	LDS  R30,@0+(@1)
                 	ORI  R30,LOW(@2)
                 	STS  @0+(@1),R30
                 	LDS  R30,@0+(@1)+1
                 	ORI  R30,HIGH(@2)
                 	STS  @0+(@1)+1,R30
                 	.ENDM
                 
                 	.MACRO __ORD1N
                 	ORI  R30,LOW(@0)
                 	ORI  R31,HIGH(@0)
                 	ORI  R22,BYTE3(@0)
                 	ORI  R23,BYTE4(@0)
                 	.ENDM
                 
                 	.MACRO __ORD2N
                 	ORI  R26,LOW(@0)
                 	ORI  R27,HIGH(@0)
                 	ORI  R24,BYTE3(@0)
                 	ORI  R25,BYTE4(@0)
                 	.ENDM
                 
                 	.MACRO __DELAY_USB
                 	LDI  R24,LOW(@0)
                 __DELAY_USB_LOOP:
                 	DEC  R24
                 	BRNE __DELAY_USB_LOOP
                 	.ENDM
                 
                 	.MACRO __DELAY_USW
                 	LDI  R24,LOW(@0)
                 	LDI  R25,HIGH(@0)
                 __DELAY_USW_LOOP:
                 	SBIW R24,1
                 	BRNE __DELAY_USW_LOOP
                 	.ENDM
                 
                 	.MACRO __GETW1P
                 	LD   R30,X+
                 	LD   R31,X
                 	SBIW R26,1
                 	.ENDM
                 
                 	.MACRO __GETD1S
                 	LDD  R30,Y+@0
                 	LDD  R31,Y+@0+1
                 	LDD  R22,Y+@0+2
                 	LDD  R23,Y+@0+3
                 	.ENDM
                 
                 	.MACRO __GETD2S
                 	LDD  R26,Y+@0
                 	LDD  R27,Y+@0+1
                 	LDD  R24,Y+@0+2
                 	LDD  R25,Y+@0+3
                 	.ENDM
                 
                 	.MACRO __GETD1P_INC
                 	LD   R30,X+
                 	LD   R31,X+
                 	LD   R22,X+
                 	LD   R23,X+
                 	.ENDM
                 
                 	.MACRO __GETD1P_DEC
                 	LD   R23,-X
                 	LD   R22,-X
                 	LD   R31,-X
                 	LD   R30,-X
                 	.ENDM
                 
                 	.MACRO __PUTDP1
                 	ST   X+,R30
                 	ST   X+,R31
                 	ST   X+,R22
                 	ST   X,R23
                 	.ENDM
                 
                 	.MACRO __PUTDP1_DEC
                 	ST   -X,R23
                 	ST   -X,R22
                 	ST   -X,R31
                 	ST   -X,R30
                 	.ENDM
                 
                 	.MACRO __PUTD1S
                 	STD  Y+@0,R30
                 	STD  Y+@0+1,R31
                 	STD  Y+@0+2,R22
                 	STD  Y+@0+3,R23
                 	.ENDM
                 
                 	.MACRO __PUTD2S
                 	STD  Y+@0,R26
                 	STD  Y+@0+1,R27
                 	STD  Y+@0+2,R24
                 	STD  Y+@0+3,R25
                 	.ENDM
                 
                 	.MACRO __PUTDZ2
                 	STD  Z+@0,R26
                 	STD  Z+@0+1,R27
                 	STD  Z+@0+2,R24
                 	STD  Z+@0+3,R25
                 	.ENDM
                 
                 	.MACRO __CLRD1S
                 	STD  Y+@0,R30
                 	STD  Y+@0+1,R30
                 	STD  Y+@0+2,R30
                 	STD  Y+@0+3,R30
                 	.ENDM
                 
                 	.MACRO __CPD10
                 	SBIW R30,0
                 	SBCI R22,0
                 	SBCI R23,0
                 	.ENDM
                 
                 	.MACRO __CPD20
                 	SBIW R26,0
                 	SBCI R24,0
                 	SBCI R25,0
                 	.ENDM
                 
                 	.MACRO __ADDD12
                 	ADD  R30,R26
                 	ADC  R31,R27
                 	ADC  R22,R24
                 	ADC  R23,R25
                 	.ENDM
                 
                 	.MACRO __ADDD21
                 	ADD  R26,R30
                 	ADC  R27,R31
                 	ADC  R24,R22
                 	ADC  R25,R23
                 	.ENDM
                 
                 	.MACRO __SUBD12
                 	SUB  R30,R26
                 	SBC  R31,R27
                 	SBC  R22,R24
                 	SBC  R23,R25
                 	.ENDM
                 
                 	.MACRO __SUBD21
                 	SUB  R26,R30
                 	SBC  R27,R31
                 	SBC  R24,R22
                 	SBC  R25,R23
                 	.ENDM
                 
                 	.MACRO __ANDD12
                 	AND  R30,R26
                 	AND  R31,R27
                 	AND  R22,R24
                 	AND  R23,R25
                 	.ENDM
                 
                 	.MACRO __ORD12
                 	OR   R30,R26
                 	OR   R31,R27
                 	OR   R22,R24
                 	OR   R23,R25
                 	.ENDM
                 
                 	.MACRO __XORD12
                 	EOR  R30,R26
                 	EOR  R31,R27
                 	EOR  R22,R24
                 	EOR  R23,R25
                 	.ENDM
                 
                 	.MACRO __XORD21
                 	EOR  R26,R30
                 	EOR  R27,R31
                 	EOR  R24,R22
                 	EOR  R25,R23
                 	.ENDM
                 
                 	.MACRO __COMD1
                 	COM  R30
                 	COM  R31
                 	COM  R22
                 	COM  R23
                 	.ENDM
                 
                 	.MACRO __MULD2_2
                 	LSL  R26
                 	ROL  R27
                 	ROL  R24
                 	ROL  R25
                 	.ENDM
                 
                 	.MACRO __LSRD1
                 	LSR  R23
                 	ROR  R22
                 	ROR  R31
                 	ROR  R30
                 	.ENDM
                 
                 	.MACRO __LSLD1
                 	LSL  R30
                 	ROL  R31
                 	ROL  R22
                 	ROL  R23
                 	.ENDM
                 
                 	.MACRO __ASRB4
                 	ASR  R30
                 	ASR  R30
                 	ASR  R30
                 	ASR  R30
                 	.ENDM
                 
                 	.MACRO __ASRW8
                 	MOV  R30,R31
                 	CLR  R31
                 	SBRC R30,7
                 	SER  R31
                 	.ENDM
                 
                 	.MACRO __LSRD16
                 	MOV  R30,R22
                 	MOV  R31,R23
                 	LDI  R22,0
                 	LDI  R23,0
                 	.ENDM
                 
                 	.MACRO __LSLD16
                 	MOV  R22,R30
                 	MOV  R23,R31
                 	LDI  R30,0
                 	LDI  R31,0
                 	.ENDM
                 
                 	.MACRO __CWD1
                 	MOV  R22,R31
                 	ADD  R22,R22
                 	SBC  R22,R22
                 	MOV  R23,R22
                 	.ENDM
                 
                 	.MACRO __CWD2
                 	MOV  R24,R27
                 	ADD  R24,R24
                 	SBC  R24,R24
                 	MOV  R25,R24
                 	.ENDM
                 
                 	.MACRO __SETMSD1
                 	SER  R31
                 	SER  R22
                 	SER  R23
                 	.ENDM
                 
                 	.MACRO __ADDW1R15
                 	CLR  R0
                 	ADD  R30,R15
                 	ADC  R31,R0
                 	.ENDM
                 
                 	.MACRO __ADDW2R15
                 	CLR  R0
                 	ADD  R26,R15
                 	ADC  R27,R0
                 	.ENDM
                 
                 	.MACRO __EQB12
                 	CP   R30,R26
                 	LDI  R30,1
                 	BREQ PC+2
                 	CLR  R30
                 	.ENDM
                 
                 	.MACRO __NEB12
                 	CP   R30,R26
                 	LDI  R30,1
                 	BRNE PC+2
                 	CLR  R30
                 	.ENDM
                 
                 	.MACRO __LEB12
                 	CP   R30,R26
                 	LDI  R30,1
                 	BRGE PC+2
                 	CLR  R30
                 	.ENDM
                 
                 	.MACRO __GEB12
                 	CP   R26,R30
                 	LDI  R30,1
                 	BRGE PC+2
                 	CLR  R30
                 	.ENDM
                 
                 	.MACRO __LTB12
                 	CP   R26,R30
                 	LDI  R30,1
                 	BRLT PC+2
                 	CLR  R30
                 	.ENDM
                 
                 	.MACRO __GTB12
                 	CP   R30,R26
                 	LDI  R30,1
                 	BRLT PC+2
                 	CLR  R30
                 	.ENDM
                 
                 	.MACRO __LEB12U
                 	CP   R30,R26
                 	LDI  R30,1
                 	BRSH PC+2
                 	CLR  R30
                 	.ENDM
                 
                 	.MACRO __GEB12U
                 	CP   R26,R30
                 	LDI  R30,1
                 	BRSH PC+2
                 	CLR  R30
                 	.ENDM
                 
                 	.MACRO __LTB12U
                 	CP   R26,R30
                 	LDI  R30,1
                 	BRLO PC+2
                 	CLR  R30
                 	.ENDM
                 
                 	.MACRO __GTB12U
                 	CP   R30,R26
                 	LDI  R30,1
                 	BRLO PC+2
                 	CLR  R30
                 	.ENDM
                 
                 	.MACRO __CPW01
                 	CLR  R0
                 	CP   R0,R30
                 	CPC  R0,R31
                 	.ENDM
                 
                 	.MACRO __CPW02
                 	CLR  R0
                 	CP   R0,R26
                 	CPC  R0,R27
                 	.ENDM
                 
                 	.MACRO __CPD12
                 	CP   R30,R26
                 	CPC  R31,R27
                 	CPC  R22,R24
                 	CPC  R23,R25
                 	.ENDM
                 
                 	.MACRO __CPD21
                 	CP   R26,R30
                 	CPC  R27,R31
                 	CPC  R24,R22
                 	CPC  R25,R23
                 	.ENDM
                 
                 	.MACRO __BSTB1
                 	CLT
                 	TST  R30
                 	BREQ PC+2
                 	SET
                 	.ENDM
                 
                 	.MACRO __LNEGB1
                 	TST  R30
                 	LDI  R30,1
                 	BREQ PC+2
                 	CLR  R30
                 	.ENDM
                 
                 	.MACRO __LNEGW1
                 	OR   R30,R31
                 	LDI  R30,1
                 	BREQ PC+2
                 	LDI  R30,0
                 	.ENDM
                 
                 	.MACRO __POINTB1MN
                 	LDI  R30,LOW(@0+(@1))
                 	.ENDM
                 
                 	.MACRO __POINTW1MN
                 	LDI  R30,LOW(@0+(@1))
                 	LDI  R31,HIGH(@0+(@1))
                 	.ENDM
                 
                 	.MACRO __POINTD1M
                 	LDI  R30,LOW(@0)
                 	LDI  R31,HIGH(@0)
                 	LDI  R22,BYTE3(@0)
                 	LDI  R23,BYTE4(@0)
                 	.ENDM
                 
                 	.MACRO __POINTW1FN
                 	LDI  R30,LOW(2*@0+(@1))
                 	LDI  R31,HIGH(2*@0+(@1))
                 	.ENDM
                 
                 	.MACRO __POINTD1FN
                 	LDI  R30,LOW(2*@0+(@1))
                 	LDI  R31,HIGH(2*@0+(@1))
                 	LDI  R22,BYTE3(2*@0+(@1))
                 	LDI  R23,BYTE4(2*@0+(@1))
                 	.ENDM
                 
                 	.MACRO __POINTB2MN
                 	LDI  R26,LOW(@0+(@1))
                 	.ENDM
                 
                 	.MACRO __POINTW2MN
                 	LDI  R26,LOW(@0+(@1))
                 	LDI  R27,HIGH(@0+(@1))
                 	.ENDM
                 
                 	.MACRO __POINTD2M
                 	LDI  R26,LOW(@0)
                 	LDI  R27,HIGH(@0)
                 	LDI  R24,BYTE3(@0)
                 	LDI  R25,BYTE4(@0)
                 	.ENDM
                 
                 	.MACRO __POINTW2FN
                 	LDI  R26,LOW(2*@0+(@1))
                 	LDI  R27,HIGH(2*@0+(@1))
                 	.ENDM
                 
                 	.MACRO __POINTD2FN
                 	LDI  R26,LOW(2*@0+(@1))
                 	LDI  R27,HIGH(2*@0+(@1))
                 	LDI  R24,BYTE3(2*@0+(@1))
                 	LDI  R25,BYTE4(2*@0+(@1))
                 	.ENDM
                 
                 	.MACRO __POINTBRM
                 	LDI  R@0,LOW(@1)
                 	.ENDM
                 
                 	.MACRO __POINTWRM
                 	LDI  R@0,LOW(@2)
                 	LDI  R@1,HIGH(@2)
                 	.ENDM
                 
                 	.MACRO __POINTBRMN
                 	LDI  R@0,LOW(@1+(@2))
                 	.ENDM
                 
                 	.MACRO __POINTWRMN
                 	LDI  R@0,LOW(@2+(@3))
                 	LDI  R@1,HIGH(@2+(@3))
                 	.ENDM
                 
                 	.MACRO __POINTWRFN
                 	LDI  R@0,LOW(@2*2+(@3))
                 	LDI  R@1,HIGH(@2*2+(@3))
                 	.ENDM
                 
                 	.MACRO __GETD1N
                 	LDI  R30,LOW(@0)
                 	LDI  R31,HIGH(@0)
                 	LDI  R22,BYTE3(@0)
                 	LDI  R23,BYTE4(@0)
                 	.ENDM
                 
                 	.MACRO __GETD2N
                 	LDI  R26,LOW(@0)
                 	LDI  R27,HIGH(@0)
                 	LDI  R24,BYTE3(@0)
                 	LDI  R25,BYTE4(@0)
                 	.ENDM
                 
                 	.MACRO __GETB1MN
                 	LDS  R30,@0+(@1)
                 	.ENDM
                 
                 	.MACRO __GETB1HMN
                 	LDS  R31,@0+(@1)
                 	.ENDM
                 
                 	.MACRO __GETW1MN
                 	LDS  R30,@0+(@1)
                 	LDS  R31,@0+(@1)+1
                 	.ENDM
                 
                 	.MACRO __GETD1MN
                 	LDS  R30,@0+(@1)
                 	LDS  R31,@0+(@1)+1
                 	LDS  R22,@0+(@1)+2
                 	LDS  R23,@0+(@1)+3
                 	.ENDM
                 
                 	.MACRO __GETBRMN
                 	LDS  R@0,@1+(@2)
                 	.ENDM
                 
                 	.MACRO __GETWRMN
                 	LDS  R@0,@2+(@3)
                 	LDS  R@1,@2+(@3)+1
                 	.ENDM
                 
                 	.MACRO __GETWRZ
                 	LDD  R@0,Z+@2
                 	LDD  R@1,Z+@2+1
                 	.ENDM
                 
                 	.MACRO __GETD2Z
                 	LDD  R26,Z+@0
                 	LDD  R27,Z+@0+1
                 	LDD  R24,Z+@0+2
                 	LDD  R25,Z+@0+3
                 	.ENDM
                 
                 	.MACRO __GETB2MN
                 	LDS  R26,@0+(@1)
                 	.ENDM
                 
                 	.MACRO __GETW2MN
                 	LDS  R26,@0+(@1)
                 	LDS  R27,@0+(@1)+1
                 	.ENDM
                 
                 	.MACRO __GETD2MN
                 	LDS  R26,@0+(@1)
                 	LDS  R27,@0+(@1)+1
                 	LDS  R24,@0+(@1)+2
                 	LDS  R25,@0+(@1)+3
                 	.ENDM
                 
                 	.MACRO __PUTB1MN
                 	STS  @0+(@1),R30
                 	.ENDM
                 
                 	.MACRO __PUTW1MN
                 	STS  @0+(@1),R30
                 	STS  @0+(@1)+1,R31
                 	.ENDM
                 
                 	.MACRO __PUTD1MN
                 	STS  @0+(@1),R30
                 	STS  @0+(@1)+1,R31
                 	STS  @0+(@1)+2,R22
                 	STS  @0+(@1)+3,R23
                 	.ENDM
                 
                 	.MACRO __PUTB1EN
                 	LDI  R26,LOW(@0+(@1))
                 	LDI  R27,HIGH(@0+(@1))
                 	CALL __EEPROMWRB
                 	.ENDM
                 
                 	.MACRO __PUTW1EN
                 	LDI  R26,LOW(@0+(@1))
                 	LDI  R27,HIGH(@0+(@1))
                 	CALL __EEPROMWRW
                 	.ENDM
                 
                 	.MACRO __PUTD1EN
                 	LDI  R26,LOW(@0+(@1))
                 	LDI  R27,HIGH(@0+(@1))
                 	CALL __EEPROMWRD
                 	.ENDM
                 
                 	.MACRO __PUTBR0MN
                 	STS  @0+(@1),R0
                 	.ENDM
                 
                 	.MACRO __PUTBMRN
                 	STS  @0+(@1),R@2
                 	.ENDM
                 
                 	.MACRO __PUTWMRN
                 	STS  @0+(@1),R@2
                 	STS  @0+(@1)+1,R@3
                 	.ENDM
                 
                 	.MACRO __PUTBZR
                 	STD  Z+@1,R@0
                 	.ENDM
                 
                 	.MACRO __PUTWZR
                 	STD  Z+@2,R@0
                 	STD  Z+@2+1,R@1
                 	.ENDM
                 
                 	.MACRO __GETW1R
                 	MOV  R30,R@0
                 	MOV  R31,R@1
                 	.ENDM
                 
                 	.MACRO __GETW2R
                 	MOV  R26,R@0
                 	MOV  R27,R@1
                 	.ENDM
                 
                 	.MACRO __GETWRN
                 	LDI  R@0,LOW(@2)
                 	LDI  R@1,HIGH(@2)
                 	.ENDM
                 
                 	.MACRO __PUTW1R
                 	MOV  R@0,R30
                 	MOV  R@1,R31
                 	.ENDM
                 
                 	.MACRO __PUTW2R
                 	MOV  R@0,R26
                 	MOV  R@1,R27
                 	.ENDM
                 
                 	.MACRO __ADDWRN
                 	SUBI R@0,LOW(-@2)
                 	SBCI R@1,HIGH(-@2)
                 	.ENDM
                 
                 	.MACRO __ADDWRR
                 	ADD  R@0,R@2
                 	ADC  R@1,R@3
                 	.ENDM
                 
                 	.MACRO __SUBWRN
                 	SUBI R@0,LOW(@2)
                 	SBCI R@1,HIGH(@2)
                 	.ENDM
                 
                 	.MACRO __SUBWRR
                 	SUB  R@0,R@2
                 	SBC  R@1,R@3
                 	.ENDM
                 
                 	.MACRO __ANDWRN
                 	ANDI R@0,LOW(@2)
                 	ANDI R@1,HIGH(@2)
                 	.ENDM
                 
                 	.MACRO __ANDWRR
                 	AND  R@0,R@2
                 	AND  R@1,R@3
                 	.ENDM
                 
                 	.MACRO __ORWRN
                 	ORI  R@0,LOW(@2)
                 	ORI  R@1,HIGH(@2)
                 	.ENDM
                 
                 	.MACRO __ORWRR
                 	OR   R@0,R@2
                 	OR   R@1,R@3
                 	.ENDM
                 
                 	.MACRO __EORWRR
                 	EOR  R@0,R@2
                 	EOR  R@1,R@3
                 	.ENDM
                 
                 	.MACRO __GETWRS
                 	LDD  R@0,Y+@2
                 	LDD  R@1,Y+@2+1
                 	.ENDM
                 
                 	.MACRO __PUTBSR
                 	STD  Y+@1,R@0
                 	.ENDM
                 
                 	.MACRO __PUTWSR
                 	STD  Y+@2,R@0
                 	STD  Y+@2+1,R@1
                 	.ENDM
                 
                 	.MACRO __MOVEWRR
                 	MOV  R@0,R@2
                 	MOV  R@1,R@3
                 	.ENDM
                 
                 	.MACRO __INWR
                 	IN   R@0,@2
                 	IN   R@1,@2+1
                 	.ENDM
                 
                 	.MACRO __OUTWR
                 	OUT  @2+1,R@1
                 	OUT  @2,R@0
                 	.ENDM
                 
                 	.MACRO __CALL1MN
                 	LDS  R30,@0+(@1)
                 	LDS  R31,@0+(@1)+1
                 	ICALL
                 	.ENDM
                 
                 	.MACRO __CALL1FN
                 	LDI  R30,LOW(2*@0+(@1))
                 	LDI  R31,HIGH(2*@0+(@1))
                 	CALL __GETW1PF
                 	ICALL
                 	.ENDM
                 
                 	.MACRO __CALL2EN
                 	PUSH R26
                 	PUSH R27
                 	LDI  R26,LOW(@0+(@1))
                 	LDI  R27,HIGH(@0+(@1))
                 	CALL __EEPROMRDW
                 	POP  R27
                 	POP  R26
                 	ICALL
                 	.ENDM
                 
                 	.MACRO __CALL2EX
                 	SUBI R26,LOW(-@0)
                 	SBCI R27,HIGH(-@0)
                 	CALL __EEPROMRDD
                 	ICALL
                 	.ENDM
                 
                 	.MACRO __GETW1STACK
                 	IN   R30,SPL
                 	IN   R31,SPH
                 	ADIW R30,@0+1
                 	LD   R0,Z+
                 	LD   R31,Z
                 	MOV  R30,R0
                 	.ENDM
                 
                 	.MACRO __GETD1STACK
                 	IN   R30,SPL
                 	IN   R31,SPH
                 	ADIW R30,@0+1
                 	LD   R0,Z+
                 	LD   R1,Z+
                 	LD   R22,Z
                 	MOVW R30,R0
                 	.ENDM
                 
                 	.MACRO __NBST
                 	BST  R@0,@1
                 	IN   R30,SREG
                 	LDI  R31,0x40
                 	EOR  R30,R31
                 	OUT  SREG,R30
                 	.ENDM
                 
                 
                 	.MACRO __PUTB1SN
                 	LDD  R26,Y+@0
                 	LDD  R27,Y+@0+1
                 	SUBI R26,LOW(-@1)
                 	SBCI R27,HIGH(-@1)
                 	ST   X,R30
                 	.ENDM
                 
                 	.MACRO __PUTW1SN
                 	LDD  R26,Y+@0
                 	LDD  R27,Y+@0+1
                 	SUBI R26,LOW(-@1)
                 	SBCI R27,HIGH(-@1)
                 	ST   X+,R30
                 	ST   X,R31
                 	.ENDM
                 
                 	.MACRO __PUTD1SN
                 	LDD  R26,Y+@0
                 	LDD  R27,Y+@0+1
                 	SUBI R26,LOW(-@1)
                 	SBCI R27,HIGH(-@1)
                 	ST   X+,R30
                 	ST   X+,R31
                 	ST   X+,R22
                 	ST   X,R23
                 	.ENDM
                 
                 	.MACRO __PUTB1SNS
                 	LDD  R26,Y+@0
                 	LDD  R27,Y+@0+1
                 	ADIW R26,@1
                 	ST   X,R30
                 	.ENDM
                 
                 	.MACRO __PUTW1SNS
                 	LDD  R26,Y+@0
                 	LDD  R27,Y+@0+1
                 	ADIW R26,@1
                 	ST   X+,R30
                 	ST   X,R31
                 	.ENDM
                 
                 	.MACRO __PUTD1SNS
                 	LDD  R26,Y+@0
                 	LDD  R27,Y+@0+1
                 	ADIW R26,@1
                 	ST   X+,R30
                 	ST   X+,R31
                 	ST   X+,R22
                 	ST   X,R23
                 	.ENDM
                 
                 	.MACRO __PUTB1PMN
                 	LDS  R26,@0
                 	LDS  R27,@0+1
                 	SUBI R26,LOW(-@1)
                 	SBCI R27,HIGH(-@1)
                 	ST   X,R30
                 	.ENDM
                 
                 	.MACRO __PUTW1PMN
                 	LDS  R26,@0
                 	LDS  R27,@0+1
                 	SUBI R26,LOW(-@1)
                 	SBCI R27,HIGH(-@1)
                 	ST   X+,R30
                 	ST   X,R31
                 	.ENDM
                 
                 	.MACRO __PUTD1PMN
                 	LDS  R26,@0
                 	LDS  R27,@0+1
                 	SUBI R26,LOW(-@1)
                 	SBCI R27,HIGH(-@1)
                 	ST   X+,R30
                 	ST   X+,R31
                 	ST   X+,R22
                 	ST   X,R23
                 	.ENDM
                 
                 	.MACRO __PUTB1PMNS
                 	LDS  R26,@0
                 	LDS  R27,@0+1
                 	ADIW R26,@1
                 	ST   X,R30
                 	.ENDM
                 
                 	.MACRO __PUTW1PMNS
                 	LDS  R26,@0
                 	LDS  R27,@0+1
                 	ADIW R26,@1
                 	ST   X+,R30
                 	ST   X,R31
                 	.ENDM
                 
                 	.MACRO __PUTD1PMNS
                 	LDS  R26,@0
                 	LDS  R27,@0+1
                 	ADIW R26,@1
                 	ST   X+,R30
                 	ST   X+,R31
                 	ST   X+,R22
                 	ST   X,R23
                 	.ENDM
                 
                 	.MACRO __PUTB1RN
                 	MOVW R26,R@0
                 	SUBI R26,LOW(-@1)
                 	SBCI R27,HIGH(-@1)
                 	ST   X,R30
                 	.ENDM
                 
                 	.MACRO __PUTW1RN
                 	MOVW R26,R@0
                 	SUBI R26,LOW(-@1)
                 	SBCI R27,HIGH(-@1)
                 	ST   X+,R30
                 	ST   X,R31
                 	.ENDM
                 
                 	.MACRO __PUTD1RN
                 	MOVW R26,R@0
                 	SUBI R26,LOW(-@1)
                 	SBCI R27,HIGH(-@1)
                 	ST   X+,R30
                 	ST   X+,R31
                 	ST   X+,R22
                 	ST   X,R23
                 	.ENDM
                 
                 	.MACRO __PUTB1RNS
                 	MOVW R26,R@0
                 	ADIW R26,@1
                 	ST   X,R30
                 	.ENDM
                 
                 	.MACRO __PUTW1RNS
                 	MOVW R26,R@0
                 	ADIW R26,@1
                 	ST   X+,R30
                 	ST   X,R31
                 	.ENDM
                 
                 	.MACRO __PUTD1RNS
                 	MOVW R26,R@0
                 	ADIW R26,@1
                 	ST   X+,R30
                 	ST   X+,R31
                 	ST   X+,R22
                 	ST   X,R23
                 	.ENDM
                 
                 	.MACRO __PUTB1RON
                 	MOV  R26,R@0
                 	MOV  R27,R@1
                 	SUBI R26,LOW(-@2)
                 	SBCI R27,HIGH(-@2)
                 	ST   X,R30
                 	.ENDM
                 
                 	.MACRO __PUTW1RON
                 	MOV  R26,R@0
                 	MOV  R27,R@1
                 	SUBI R26,LOW(-@2)
                 	SBCI R27,HIGH(-@2)
                 	ST   X+,R30
                 	ST   X,R31
                 	.ENDM
                 
                 	.MACRO __PUTD1RON
                 	MOV  R26,R@0
                 	MOV  R27,R@1
                 	SUBI R26,LOW(-@2)
                 	SBCI R27,HIGH(-@2)
                 	ST   X+,R30
                 	ST   X+,R31
                 	ST   X+,R22
                 	ST   X,R23
                 	.ENDM
                 
                 	.MACRO __PUTB1RONS
                 	MOV  R26,R@0
                 	MOV  R27,R@1
                 	ADIW R26,@2
                 	ST   X,R30
                 	.ENDM
                 
                 	.MACRO __PUTW1RONS
                 	MOV  R26,R@0
                 	MOV  R27,R@1
                 	ADIW R26,@2
                 	ST   X+,R30
                 	ST   X,R31
                 	.ENDM
                 
                 	.MACRO __PUTD1RONS
                 	MOV  R26,R@0
                 	MOV  R27,R@1
                 	ADIW R26,@2
                 	ST   X+,R30
                 	ST   X+,R31
                 	ST   X+,R22
                 	ST   X,R23
                 	.ENDM
                 
                 
                 	.MACRO __GETB1SX
                 	MOVW R30,R28
                 	SUBI R30,LOW(-@0)
                 	SBCI R31,HIGH(-@0)
                 	LD   R30,Z
                 	.ENDM
                 
                 	.MACRO __GETB1HSX
                 	MOVW R30,R28
                 	SUBI R30,LOW(-@0)
                 	SBCI R31,HIGH(-@0)
                 	LD   R31,Z
                 	.ENDM
                 
                 	.MACRO __GETW1SX
                 	MOVW R30,R28
                 	SUBI R30,LOW(-@0)
                 	SBCI R31,HIGH(-@0)
                 	CALL __GETW1Z
                 	.ENDM
                 
                 	.MACRO __GETD1SX
                 	MOVW R30,R28
                 	SUBI R30,LOW(-@0)
                 	SBCI R31,HIGH(-@0)
                 	CALL __GETD1Z
                 	.ENDM
                 
                 	.MACRO __GETB2SX
                 	MOVW R26,R28
                 	SUBI R26,LOW(-@0)
                 	SBCI R27,HIGH(-@0)
                 	LD   R26,X
                 	.ENDM
                 
                 	.MACRO __GETW2SX
                 	MOVW R26,R28
                 	SUBI R26,LOW(-@0)
                 	SBCI R27,HIGH(-@0)
                 	CALL __GETW2X
                 	.ENDM
                 
                 	.MACRO __GETD2SX
                 	MOVW R26,R28
                 	SUBI R26,LOW(-@0)
                 	SBCI R27,HIGH(-@0)
                 	CALL __GETD2X
                 	.ENDM
                 
                 	.MACRO __GETBRSX
                 	MOVW R30,R28
                 	SUBI R30,LOW(-@1)
                 	SBCI R31,HIGH(-@1)
                 	LD   R@0,Z
                 	.ENDM
                 
                 	.MACRO __GETWRSX
                 	MOVW R30,R28
                 	SUBI R30,LOW(-@2)
                 	SBCI R31,HIGH(-@2)
                 	LD   R@0,Z+
                 	LD   R@1,Z
                 	.ENDM
                 
                 	.MACRO __GETBRSX2
                 	MOVW R26,R28
                 	SUBI R26,LOW(-@1)
                 	SBCI R27,HIGH(-@1)
                 	LD   R@0,X
                 	.ENDM
                 
                 	.MACRO __GETWRSX2
                 	MOVW R26,R28
                 	SUBI R26,LOW(-@2)
                 	SBCI R27,HIGH(-@2)
                 	LD   R@0,X+
                 	LD   R@1,X
                 	.ENDM
                 
                 	.MACRO __LSLW8SX
                 	MOVW R30,R28
                 	SUBI R30,LOW(-@0)
                 	SBCI R31,HIGH(-@0)
                 	LD   R31,Z
                 	CLR  R30
                 	.ENDM
                 
                 	.MACRO __PUTB1SX
                 	MOVW R26,R28
                 	SUBI R26,LOW(-@0)
                 	SBCI R27,HIGH(-@0)
                 	ST   X,R30
                 	.ENDM
                 
                 	.MACRO __PUTW1SX
                 	MOVW R26,R28
                 	SUBI R26,LOW(-@0)
                 	SBCI R27,HIGH(-@0)
                 	ST   X+,R30
                 	ST   X,R31
                 	.ENDM
                 
                 	.MACRO __PUTD1SX
                 	MOVW R26,R28
                 	SUBI R26,LOW(-@0)
                 	SBCI R27,HIGH(-@0)
                 	ST   X+,R30
                 	ST   X+,R31
                 	ST   X+,R22
                 	ST   X,R23
                 	.ENDM
                 
                 	.MACRO __CLRW1SX
                 	MOVW R26,R28
                 	SUBI R26,LOW(-@0)
                 	SBCI R27,HIGH(-@0)
                 	ST   X+,R30
                 	ST   X,R30
                 	.ENDM
                 
                 	.MACRO __CLRD1SX
                 	MOVW R26,R28
                 	SUBI R26,LOW(-@0)
                 	SBCI R27,HIGH(-@0)
                 	ST   X+,R30
                 	ST   X+,R30
                 	ST   X+,R30
                 	ST   X,R30
                 	.ENDM
                 
                 	.MACRO __PUTB2SX
                 	MOVW R30,R28
                 	SUBI R30,LOW(-@0)
                 	SBCI R31,HIGH(-@0)
                 	ST   Z,R26
                 	.ENDM
                 
                 	.MACRO __PUTW2SX
                 	MOVW R30,R28
                 	SUBI R30,LOW(-@0)
                 	SBCI R31,HIGH(-@0)
                 	ST   Z+,R26
                 	ST   Z,R27
                 	.ENDM
                 
                 	.MACRO __PUTD2SX
                 	MOVW R30,R28
                 	SUBI R30,LOW(-@0)
                 	SBCI R31,HIGH(-@0)
                 	ST   Z+,R26
                 	ST   Z+,R27
                 	ST   Z+,R24
                 	ST   Z,R25
                 	.ENDM
                 
                 	.MACRO __PUTBSRX
                 	MOVW R30,R28
                 	SUBI R30,LOW(-@1)
                 	SBCI R31,HIGH(-@1)
                 	ST   Z,R@0
                 	.ENDM
                 
                 	.MACRO __PUTWSRX
                 	MOVW R30,R28
                 	SUBI R30,LOW(-@2)
                 	SBCI R31,HIGH(-@2)
                 	ST   Z+,R@0
                 	ST   Z,R@1
                 	.ENDM
                 
                 	.MACRO __PUTB1SNX
                 	MOVW R26,R28
                 	SUBI R26,LOW(-@0)
                 	SBCI R27,HIGH(-@0)
                 	LD   R0,X+
                 	LD   R27,X
                 	MOV  R26,R0
                 	SUBI R26,LOW(-@1)
                 	SBCI R27,HIGH(-@1)
                 	ST   X,R30
                 	.ENDM
                 
                 	.MACRO __PUTW1SNX
                 	MOVW R26,R28
                 	SUBI R26,LOW(-@0)
                 	SBCI R27,HIGH(-@0)
                 	LD   R0,X+
                 	LD   R27,X
                 	MOV  R26,R0
                 	SUBI R26,LOW(-@1)
                 	SBCI R27,HIGH(-@1)
                 	ST   X+,R30
                 	ST   X,R31
                 	.ENDM
                 
                 	.MACRO __PUTD1SNX
                 	MOVW R26,R28
                 	SUBI R26,LOW(-@0)
                 	SBCI R27,HIGH(-@0)
                 	LD   R0,X+
                 	LD   R27,X
                 	MOV  R26,R0
                 	SUBI R26,LOW(-@1)
                 	SBCI R27,HIGH(-@1)
                 	ST   X+,R30
                 	ST   X+,R31
                 	ST   X+,R22
                 	ST   X,R23
                 	.ENDM
                 
                 	.MACRO __MULBRR
                 	MULS R@0,R@1
                 	MOVW R30,R0
                 	.ENDM
                 
                 	.MACRO __MULBRRU
                 	MUL  R@0,R@1
                 	MOVW R30,R0
                 	.ENDM
                 
                 	.MACRO __MULBRR0
                 	MULS R@0,R@1
                 	.ENDM
                 
                 	.MACRO __MULBRRU0
                 	MUL  R@0,R@1
                 	.ENDM
                 
                 	.MACRO __MULBNWRU
                 	LDI  R26,@2
                 	MUL  R26,R@0
                 	MOVW R30,R0
                 	MUL  R26,R@1
                 	ADD  R31,R0
                 	.ENDM
                 
                 ;NAME DEFINITIONS FOR GLOBAL VARIABLES ALLOCATED TO REGISTERS
                 	.DEF __lcd_x=R5
                 	.DEF __lcd_y=R4
                 	.DEF __lcd_maxx=R7
                 
                 	.CSEG
                 	.ORG 0x00
                 
                 ;START OF CODE MARKER
                 __START_OF_CODE:
                 
                 ;INTERRUPT VECTORS
000000 940c 0144 	JMP  __RESET
000002 940c 0000 	JMP  0x00
000004 940c 0000 	JMP  0x00
000006 940c 0000 	JMP  0x00
000008 940c 0000 	JMP  0x00
00000a 940c 0000 	JMP  0x00
00000c 940c 0000 	JMP  0x00
00000e 940c 0000 	JMP  0x00
000010 940c 0000 	JMP  0x00
000012 940c 0000 	JMP  0x00
000014 940c 0000 	JMP  0x00
000016 940c 0000 	JMP  0x00
000018 940c 0000 	JMP  0x00
00001a 940c 0000 	JMP  0x00
00001c 940c 0000 	JMP  0x00
00001e 940c 0000 	JMP  0x00
000020 940c 0000 	JMP  0x00
000022 940c 0000 	JMP  0x00
000024 940c 0000 	JMP  0x00
000026 940c 0000 	JMP  0x00
000028 940c 0000 	JMP  0x00
00002a 940c 0000 	JMP  0x00
00002c 940c 0000 	JMP  0x00
00002e 940c 0000 	JMP  0x00
000030 940c 0000 	JMP  0x00
000032 940c 0000 	JMP  0x00
000034 940c 0000 	JMP  0x00
000036 940c 0000 	JMP  0x00
000038 940c 0000 	JMP  0x00
00003a 940c 0000 	JMP  0x00
00003c 940c 0000 	JMP  0x00
00003e 940c 0000 	JMP  0x00
000040 940c 0000 	JMP  0x00
000042 940c 0000 	JMP  0x00
000044 940c 0000 	JMP  0x00
                 
                 _tbl10_G101:
000046 2710
000047 03e8
000048 0064
000049 000a      	.DB  0x10,0x27,0xE8,0x3,0x64,0x0,0xA,0x0
00004a 0001      	.DB  0x1,0x0
                 _tbl16_G101:
00004b 1000
00004c 0100
00004d 0010
00004e 0001      	.DB  0x0,0x10,0x0,0x1,0x10,0x0,0x1,0x0
                 
                 _0x3:
00004f 4548
000050 4c4c
000051 004f
000052 0000      	.DB  0x48,0x45,0x4C,0x4C,0x4F,0x0,0x0,0x0
000053 0000
000054 0000
000055 0000
000056 0000      	.DB  0x0,0x0,0x0,0x0,0x0,0x0,0x0,0x0
000057 0000
000058 0000
000059 0000
00005a 0000      	.DB  0x0,0x0,0x0,0x0,0x0,0x0,0x0,0x0
00005b 0000
00005c 0000
00005d 0000
00005e 0000      	.DB  0x0,0x0,0x0,0x0,0x0,0x0,0x0,0x0
00005f 0000
000060 0000
000061 0000
000062 0000      	.DB  0x0,0x0,0x0,0x0,0x0,0x0,0x0,0x0
000063 0000
000064 0000
000065 0000
000066 0000      	.DB  0x0,0x0,0x0,0x0,0x0,0x0,0x0,0x0
000067 0000
000068 0000
000069 0000
00006a 0000      	.DB  0x0,0x0,0x0,0x0,0x0,0x0,0x0,0x0
00006b 0000
00006c 0000
00006d 0000
00006e 0000      	.DB  0x0,0x0,0x0,0x0,0x0,0x0,0x0,0x0
00006f 0000
000070 0000
000071 0000
000072 0000      	.DB  0x0,0x0,0x0,0x0,0x0,0x0,0x0,0x0
000073 0000
000074 0000
000075 0000
000076 0000      	.DB  0x0,0x0,0x0,0x0,0x0,0x0,0x0,0x0
000077 4f59
000078 474e
000079 4f4a
00007a 004f      	.DB  0x59,0x4F,0x4E,0x47,0x4A,0x4F,0x4F,0x0
00007b 0000
00007c 0000
00007d 0000
00007e 0000      	.DB  0x0,0x0,0x0,0x0,0x0,0x0,0x0,0x0
00007f 0000
000080 0000
000081 0000
000082 0000      	.DB  0x0,0x0,0x0,0x0,0x0,0x0,0x0,0x0
000083 0000
000084 0000
000085 0000
000086 0000      	.DB  0x0,0x0,0x0,0x0,0x0,0x0,0x0,0x0
000087 0000
000088 0000
000089 0000
00008a 0000      	.DB  0x0,0x0,0x0,0x0,0x0,0x0,0x0,0x0
00008b 0000
00008c 0000
00008d 0000
00008e 0000      	.DB  0x0,0x0,0x0,0x0,0x0,0x0,0x0,0x0
00008f 0000
000090 0000
000091 0000
000092 0000      	.DB  0x0,0x0,0x0,0x0,0x0,0x0,0x0,0x0
000093 0000
000094 0000
000095 0000
000096 0000      	.DB  0x0,0x0,0x0,0x0,0x0,0x0,0x0,0x0
000097 0000
000098 0000
000099 0000
00009a 0000      	.DB  0x0,0x0,0x0,0x0,0x0,0x0,0x0,0x0
00009b 0000
00009c 0000
00009d 0000
00009e 0000      	.DB  0x0,0x0,0x0,0x0,0x0,0x0,0x0,0x0
00009f 4941
0000a0 544f
0000a1 0000
0000a2 0000      	.DB  0x41,0x49,0x4F,0x54,0x0,0x0,0x0,0x0
0000a3 0000
0000a4 0000
0000a5 0000
0000a6 0000      	.DB  0x0,0x0,0x0,0x0,0x0,0x0,0x0,0x0
0000a7 0000
0000a8 0000
0000a9 0000
0000aa 0000      	.DB  0x0,0x0,0x0,0x0,0x0,0x0,0x0,0x0
0000ab 0000
0000ac 0000
0000ad 0000
0000ae 0000      	.DB  0x0,0x0,0x0,0x0,0x0,0x0,0x0,0x0
0000af 0000
0000b0 0000
0000b1 0000
0000b2 0000      	.DB  0x0,0x0,0x0,0x0,0x0,0x0,0x0,0x0
0000b3 0000
0000b4 0000
0000b5 0000
0000b6 0000      	.DB  0x0,0x0,0x0,0x0,0x0,0x0,0x0,0x0
0000b7 0000
0000b8 0000
0000b9 0000
0000ba 0000      	.DB  0x0,0x0,0x0,0x0,0x0,0x0,0x0,0x0
0000bb 0000
0000bc 0000
0000bd 0000
0000be 0000      	.DB  0x0,0x0,0x0,0x0,0x0,0x0,0x0,0x0
0000bf 0000
0000c0 0000
0000c1 0000
0000c2 0000      	.DB  0x0,0x0,0x0,0x0,0x0,0x0,0x0,0x0
0000c3 0000
0000c4 0000
0000c5 0000
0000c6 0000      	.DB  0x0,0x0,0x0,0x0,0x0,0x0,0x0,0x0
0000c7 4d45
0000c8 4542
0000c9 4444
0000ca 4445      	.DB  0x45,0x4D,0x42,0x45,0x44,0x44,0x45,0x44
0000cb 0000
0000cc 0000
0000cd 0000
0000ce 0000      	.DB  0x0,0x0,0x0,0x0,0x0,0x0,0x0,0x0
0000cf 0000
0000d0 0000
0000d1 0000
0000d2 0000      	.DB  0x0,0x0,0x0,0x0,0x0,0x0,0x0,0x0
0000d3 0000
0000d4 0000
0000d5 0000
0000d6 0000      	.DB  0x0,0x0,0x0,0x0,0x0,0x0,0x0,0x0
0000d7 0000
0000d8 0000
0000d9 0000
0000da 0000      	.DB  0x0,0x0,0x0,0x0,0x0,0x0,0x0,0x0
0000db 0000
0000dc 0000
0000dd 0000
0000de 0000      	.DB  0x0,0x0,0x0,0x0,0x0,0x0,0x0,0x0
0000df 0000
0000e0 0000
0000e1 0000
0000e2 0000      	.DB  0x0,0x0,0x0,0x0,0x0,0x0,0x0,0x0
0000e3 0000
0000e4 0000
0000e5 0000
0000e6 0000      	.DB  0x0,0x0,0x0,0x0,0x0,0x0,0x0,0x0
0000e7 0000
0000e8 0000
0000e9 0000
0000ea 0000      	.DB  0x0,0x0,0x0,0x0,0x0,0x0,0x0,0x0
0000eb 0000
0000ec 0000
0000ed 0000
0000ee 0000      	.DB  0x0,0x0,0x0,0x0,0x0,0x0,0x0,0x0
0000ef 3535
0000f0 0035
0000f1 0000
0000f2 0000      	.DB  0x35,0x35,0x35,0x0,0x0,0x0,0x0,0x0
0000f3 0000
0000f4 0000
0000f5 0000
0000f6 0000      	.DB  0x0,0x0,0x0,0x0,0x0,0x0,0x0,0x0
0000f7 0000
0000f8 0000
0000f9 0000
0000fa 0000      	.DB  0x0,0x0,0x0,0x0,0x0,0x0,0x0,0x0
0000fb 0000
0000fc 0000
0000fd 0000
0000fe 0000      	.DB  0x0,0x0,0x0,0x0,0x0,0x0,0x0,0x0
0000ff 0000
000100 0000
000101 0000
000102 0000      	.DB  0x0,0x0,0x0,0x0,0x0,0x0,0x0,0x0
000103 0000
000104 0000
000105 0000
000106 0000      	.DB  0x0,0x0,0x0,0x0,0x0,0x0,0x0,0x0
000107 0000
000108 0000
000109 0000
00010a 0000      	.DB  0x0,0x0,0x0,0x0,0x0,0x0,0x0,0x0
00010b 0000
00010c 0000
00010d 0000
00010e 0000      	.DB  0x0,0x0,0x0,0x0,0x0,0x0,0x0,0x0
00010f 0000
000110 0000
000111 0000
000112 0000      	.DB  0x0,0x0,0x0,0x0,0x0,0x0,0x0,0x0
000113 0000
000114 0000
000115 0000
000116 0000      	.DB  0x0,0x0,0x0,0x0,0x0,0x0,0x0,0x0
000117 3636
000118 0036
000119 0000
00011a 0000      	.DB  0x36,0x36,0x36,0x0,0x0,0x0,0x0,0x0
00011b 0000
00011c 0000
00011d 0000
00011e 0000      	.DB  0x0,0x0,0x0,0x0,0x0,0x0,0x0,0x0
00011f 0000
000120 0000
000121 0000
000122 0000      	.DB  0x0,0x0,0x0,0x0,0x0,0x0,0x0,0x0
000123 0000
000124 0000
000125 0000
000126 0000      	.DB  0x0,0x0,0x0,0x0,0x0,0x0,0x0,0x0
000127 0000
000128 0000
000129 0000
00012a 0000      	.DB  0x0,0x0,0x0,0x0,0x0,0x0,0x0,0x0
00012b 0000
00012c 0000
00012d 0000
00012e 0000      	.DB  0x0,0x0,0x0,0x0,0x0,0x0,0x0,0x0
00012f 0000
000130 0000
000131 0000
000132 0000      	.DB  0x0,0x0,0x0,0x0,0x0,0x0,0x0,0x0
000133 0000
000134 0000
000135 0000
000136 0000      	.DB  0x0,0x0,0x0,0x0,0x0,0x0,0x0,0x0
000137 0000
000138 0000
000139 0000
00013a 0000      	.DB  0x0,0x0,0x0,0x0,0x0,0x0,0x0,0x0
00013b 0000
00013c 0000
00013d 0000
00013e 0000      	.DB  0x0,0x0,0x0,0x0,0x0,0x0,0x0,0x0
                 _0x2000003:
00013f c080      	.DB  0x80,0xC0
                 
                 __GLOBAL_INI_TBL:
000140 0002      	.DW  0x02
000141 0500      	.DW  __base_y_G100
000142 027e      	.DW  _0x2000003*2
                 
                 _0xFFFFFFFF:
000143 0000      	.DW  0
                 
                 #define __GLOBAL_INI_TBL_PRESENT 1
                 
                 __RESET:
000144 94f8      	CLI
                 
000145 27ee      	CLR  R30
000146 bbec      	OUT  EECR,R30
                 
                 ;INTERRUPT VECTORS ARE PLACED
                 ;AT THE START OF FLASH
000147 e0f1      	LDI  R31,1
000148 bff5      	OUT  MCUCR,R31
000149 bfe5      	OUT  MCUCR,R30
00014a 93e0 006c 	STS  XMCRB,R30
                 
                 ;CLEAR R2-R14
00014c e08d      	LDI  R24,(14-2)+1
00014d e0a2      	LDI  R26,2
00014e 27bb      	CLR  R27
                 __CLEAR_REG:
00014f 93ed      	ST   X+,R30
000150 958a      	DEC  R24
000151 f7e9      	BRNE __CLEAR_REG
                 
                 ;CLEAR SRAM
000152 e080      	LDI  R24,LOW(__CLEAR_SRAM_SIZE)
000153 e190      	LDI  R25,HIGH(__CLEAR_SRAM_SIZE)
000154 e0a0      	LDI  R26,LOW(__SRAM_START)
000155 e0b1      	LDI  R27,HIGH(__SRAM_START)
                 __CLEAR_SRAM:
000156 93ed      	ST   X+,R30
000157 9701      	SBIW R24,1
000158 f7e9      	BRNE __CLEAR_SRAM
                 
                 ;GLOBAL VARIABLES INITIALIZATION
000159 e8e0      	LDI  R30,LOW(__GLOBAL_INI_TBL*2)
00015a e0f2      	LDI  R31,HIGH(__GLOBAL_INI_TBL*2)
                 __GLOBAL_INI_NEXT:
00015b 9185      	LPM  R24,Z+
00015c 9195      	LPM  R25,Z+
00015d 9700      	SBIW R24,0
00015e f061      	BREQ __GLOBAL_INI_END
00015f 91a5      	LPM  R26,Z+
000160 91b5      	LPM  R27,Z+
000161 9005      	LPM  R0,Z+
000162 9015      	LPM  R1,Z+
000163 01bf      	MOVW R22,R30
000164 01f0      	MOVW R30,R0
                 __GLOBAL_INI_LOOP:
000165 9005      	LPM  R0,Z+
000166 920d      	ST   X+,R0
000167 9701      	SBIW R24,1
000168 f7e1      	BRNE __GLOBAL_INI_LOOP
000169 01fb      	MOVW R30,R22
00016a cff0      	RJMP __GLOBAL_INI_NEXT
                 __GLOBAL_INI_END:
                 
00016b bf8b      	OUT  RAMPZ,R24
                 
                 ;HARDWARE STACK POINTER INITIALIZATION
00016c efef      	LDI  R30,LOW(__SRAM_END-__HEAP_SIZE)
00016d bfed      	OUT  SPL,R30
00016e e1e0      	LDI  R30,HIGH(__SRAM_END-__HEAP_SIZE)
00016f bfee      	OUT  SPH,R30
                 
                 ;DATA STACK POINTER INITIALIZATION
000170 e0c0      	LDI  R28,LOW(__SRAM_START+__DSTACK_SIZE)
000171 e0d5      	LDI  R29,HIGH(__SRAM_START+__DSTACK_SIZE)
                 
000172 940c 0174 	JMP  _main
                 
                 	.ESEG
                 	.ORG 0x00
                 
                 	.DSEG
                 	.ORG 0x500
                 
                 	.CSEG
                 	#ifndef __SLEEP_DEFINED__
                 	#define __SLEEP_DEFINED__
                 	.EQU __se_bit=0x20
                 	.EQU __sm_mask=0x1C
                 	.EQU __sm_powerdown=0x10
                 	.EQU __sm_powersave=0x18
                 	.EQU __sm_standby=0x14
                 	.EQU __sm_ext_standby=0x1C
                 	.EQU __sm_adc_noise_red=0x08
                 	.SET power_ctrl_reg=mcucr
                 	#endif
                 ;void main(void)
                 ; 0000 002A {
                 
                 	.CSEG
                 _main:
                 ; .FSTART _main
                 ; 0000 002B int i = 0;
                 ; 0000 002C unsigned char key;
                 ; 0000 002D unsigned char ledA, ledB;
                 ; 0000 002E unsigned char data[6][80] = {"HELLO", "YONGJOO", "AIOT", "EMBEDDED", "555", "666"};
                 ; 0000 002F 
                 ; 0000 0030 lcd_init(16);  // 초기화  16자리를 쓰겠다.
000174 97ef      	SBIW R28,63
000175 97ef      	SBIW R28,63
000176 97ef      	SBIW R28,63
000177 97a3      	SBIW R28,35
000178 50d1      	SUBI R29,1
                +
000179 ee80     +LDI R24 , LOW ( 480 )
00017a e091     +LDI R25 , HIGH ( 480 )
                 	__GETWRN 24,25,480
                +
00017b e060     +LDI R22 , LOW ( 0 )
00017c e070     +LDI R23 , HIGH ( 0 )
                 	__GETWRN 22,23,0
00017d e9ee      	LDI  R30,LOW(_0x3*2)
00017e e0f0      	LDI  R31,HIGH(_0x3*2)
00017f d0e9      	RCALL __INITLOCW
                 ;	i -> R16,R17
                 ;	key -> R19
                 ;	ledA -> R18
                 ;	ledB -> R21
                 ;	data -> Y+0
                +
000180 e000     +LDI R16 , LOW ( 0 )
000181 e010     +LDI R17 , HIGH ( 0 )
                 	__GETWRN 16,17,0
000182 e1a0      	LDI  R26,LOW(16)
000183 d095      	RCALL _lcd_init
                 ; 0000 0031 
                 ; 0000 0032 DDRA = 0xff;     // 1111 1111
000184 efef      	LDI  R30,LOW(255)
000185 bbea      	OUT  0x1A,R30
                 ; 0000 0033 PORTA = 0Xff;
000186 bbeb      	OUT  0x1B,R30
                 ; 0000 0034 DDRB = 0xff;
000187 bbe7      	OUT  0x17,R30
                 ; 0000 0035 PORTB = 0Xff;
000188 bbe8      	OUT  0x18,R30
                 ; 0000 0036 DDRD = 0Xfc;      // 2개만 입력 모드
000189 efec      	LDI  R30,LOW(252)
00018a bbe1      	OUT  0x11,R30
                 ; 0000 0037 PORTD = 0Xff;
00018b efef      	LDI  R30,LOW(255)
00018c bbe2      	OUT  0x12,R30
                 ; 0000 0038 
                 ; 0000 0039 while (1)
                 _0x4:
                 ; 0000 003A {
                 ; 0000 003B for(i = 0; i < 5; i+=2)
                +
00018d e000     +LDI R16 , LOW ( 0 )
00018e e010     +LDI R17 , HIGH ( 0 )
                 	__GETWRN 16,17,0
                 _0x8:
                +
00018f 3005     +CPI R16 , LOW ( 5 )
000190 e0e0     +LDI R30 , HIGH ( 5 )
000191 071e     +CPC R17 , R30
                 	__CPWRN 16,17,5
000192 f4dc      	BRGE _0x9
                 ; 0000 003C {
                 ; 0000 003D lcd_clear();
000193 d059      	RCALL _lcd_clear
                 ; 0000 003E lcd_gotoxy(0 , 0); // 첫 번째 줄에다 1초에 한 번씩 문자를 출력
000194 e0e0      	LDI  R30,LOW(0)
000195 93ea      	ST   -Y,R30
000196 e0a0      	LDI  R26,LOW(0)
000197 d043      	RCALL _lcd_gotoxy
                 ; 0000 003F lcd_puts(data[i]);     // sprintf 만든 문자열을 출력, 메모리에서
                +
000198 e5a0     +LDI R26 , 80
000199 9fa0     +MUL R26 , R16
00019a 01f0     +MOVW R30 , R0
00019b 9fa1     +MUL R26 , R17
00019c 0df0     +ADD R31 , R0
                 	__MULBNWRU 16,17,80
00019d d0a6      	RCALL SUBOPT_0x0
                 ; 0000 0040 lcd_gotoxy(0 , 1); // 두 번째 줄에다 1초에 한 번씩 문자를 출력
00019e e0e0      	LDI  R30,LOW(0)
00019f 93ea      	ST   -Y,R30
0001a0 e0a1      	LDI  R26,LOW(1)
0001a1 d039      	RCALL _lcd_gotoxy
                 ; 0000 0041 lcd_puts(data[i + 1]);     // sprintf 만든 문자열을 출력, 메모리에서
0001a2 01f8      	MOVW R30,R16
0001a3 9631      	ADIW R30,1
0001a4 e5a0      	LDI  R26,LOW(80)
0001a5 e0b0      	LDI  R27,HIGH(80)
0001a6 d0ce      	RCALL __MULW12U
0001a7 d09c      	RCALL SUBOPT_0x0
                 ; 0000 0042 delay_ms(1000);
0001a8 eea8      	LDI  R26,LOW(1000)
0001a9 e0b3      	LDI  R27,HIGH(1000)
0001aa d0d2      	RCALL _delay_ms
                 ; 0000 0043 }
                +
0001ab 5f0e     +SUBI R16 , LOW ( - 2 )
0001ac 4f1f     +SBCI R17 , HIGH ( - 2 )
                 	__ADDWRN 16,17,2
0001ad cfe1      	RJMP _0x8
                 _0x9:
                 ; 0000 0044 
                 ; 0000 0045 
                 ; 0000 0046 PORTA = PORTB = 0x55;
0001ae d099      	RCALL SUBOPT_0x1
                 ; 0000 0047 delay_ms(200);
                 ; 0000 0048 PORTA = PORTB = 0xaa;
                 ; 0000 0049 delay_ms(200);
                 ; 0000 004A 
                 ; 0000 004B PORTA = PORTB = 0x55;
0001af d098      	RCALL SUBOPT_0x1
                 ; 0000 004C delay_ms(200);
                 ; 0000 004D PORTA = PORTB = 0xaa;
                 ; 0000 004E delay_ms(200);
                 ; 0000 004F 
                 ; 0000 0050 PORTA = PORTB = 0xff;
0001b0 efef      	LDI  R30,LOW(255)
0001b1 bbe8      	OUT  0x18,R30
0001b2 bbeb      	OUT  0x1B,R30
                 ; 0000 0051 delay_ms(200);
0001b3 eca8      	LDI  R26,LOW(200)
0001b4 e0b0      	LDI  R27,0
0001b5 d0c7      	RCALL _delay_ms
                 ; 0000 0052 
                 ; 0000 0053 }
0001b6 cfd6      	RJMP _0x4
                 ; 0000 0054 }
                 _0xA:
0001b7 cfff      	RJMP _0xA
                 ; .FEND
                 	#ifndef __SLEEP_DEFINED__
                 	#endif
                 
                 	.DSEG
                 
                 	.CSEG
                 __lcd_write_nibble_G100:
                 ; .FSTART __lcd_write_nibble_G100
0001b8 931a      	ST   -Y,R17
0001b9 2f1a      	MOV  R17,R26
0001ba b3e5      	IN   R30,0x15
0001bb 70ef      	ANDI R30,LOW(0xF)
0001bc 2fae      	MOV  R26,R30
0001bd 2fe1      	MOV  R30,R17
0001be 7fe0      	ANDI R30,LOW(0xF0)
0001bf 2bea      	OR   R30,R26
0001c0 bbe5      	OUT  0x15,R30
                +
0001c1 e18b     +LDI R24 , LOW ( 27 )
                +__DELAY_USB_LOOP :
0001c2 958a     +DEC R24
0001c3 f7f1     +BRNE __DELAY_USB_LOOP
                 	__DELAY_USB 27
0001c4 9aaa      	SBI  0x15,2
                +
0001c5 e18b     +LDI R24 , LOW ( 27 )
                +__DELAY_USB_LOOP :
0001c6 958a     +DEC R24
0001c7 f7f1     +BRNE __DELAY_USB_LOOP
                 	__DELAY_USB 27
0001c8 98aa      	CBI  0x15,2
                +
0001c9 e18b     +LDI R24 , LOW ( 27 )
                +__DELAY_USB_LOOP :
0001ca 958a     +DEC R24
0001cb f7f1     +BRNE __DELAY_USB_LOOP
                 	__DELAY_USB 27
0001cc c075      	RJMP _0x2080001
                 ; .FEND
                 __lcd_write_data:
                 ; .FSTART __lcd_write_data
0001cd 93aa      	ST   -Y,R26
0001ce 81a8      	LD   R26,Y
0001cf dfe8      	RCALL __lcd_write_nibble_G100
0001d0 81e8          ld    r30,y
0001d1 95e2          swap  r30
0001d2 83e8          st    y,r30
0001d3 81a8      	LD   R26,Y
0001d4 dfe3      	RCALL __lcd_write_nibble_G100
                +
0001d5 ec88     +LDI R24 , LOW ( 200 )
0001d6 e090     +LDI R25 , HIGH ( 200 )
                +__DELAY_USW_LOOP :
0001d7 9701     +SBIW R24 , 1
0001d8 f7f1     +BRNE __DELAY_USW_LOOP
                 	__DELAY_USW 200
0001d9 9621      	ADIW R28,1
0001da 9508      	RET
                 ; .FEND
                 _lcd_gotoxy:
                 ; .FSTART _lcd_gotoxy
0001db 931a      	ST   -Y,R17
0001dc 930a      	ST   -Y,R16
0001dd 2f1a      	MOV  R17,R26
0001de 810a      	LDD  R16,Y+2
0001df 2fe1      	MOV  R30,R17
0001e0 e0f0      	LDI  R31,0
0001e1 50e0      	SUBI R30,LOW(-__base_y_G100)
0001e2 4ffb      	SBCI R31,HIGH(-__base_y_G100)
0001e3 81e0      	LD   R30,Z
0001e4 0fe0      	ADD  R30,R16
0001e5 2fae      	MOV  R26,R30
0001e6 dfe6      	RCALL __lcd_write_data
0001e7 2e50      	MOV  R5,R16
0001e8 2e41      	MOV  R4,R17
0001e9 8119      	LDD  R17,Y+1
0001ea 8108      	LDD  R16,Y+0
0001eb 9623      	ADIW R28,3
0001ec 9508      	RET
                 ; .FEND
                 _lcd_clear:
                 ; .FSTART _lcd_clear
0001ed e0a2      	LDI  R26,LOW(2)
0001ee d065      	RCALL SUBOPT_0x2
0001ef e0ac      	LDI  R26,LOW(12)
0001f0 dfdc      	RCALL __lcd_write_data
0001f1 e0a1      	LDI  R26,LOW(1)
0001f2 d061      	RCALL SUBOPT_0x2
0001f3 e0e0      	LDI  R30,LOW(0)
0001f4 2e4e      	MOV  R4,R30
0001f5 2e5e      	MOV  R5,R30
0001f6 9508      	RET
                 ; .FEND
                 _lcd_putchar:
                 ; .FSTART _lcd_putchar
0001f7 931a      	ST   -Y,R17
0001f8 2f1a      	MOV  R17,R26
0001f9 301a      	CPI  R17,10
0001fa f011      	BREQ _0x2000005
0001fb 1457      	CP   R5,R7
0001fc f038      	BRLO _0x2000004
                 _0x2000005:
0001fd e0e0      	LDI  R30,LOW(0)
0001fe 93ea      	ST   -Y,R30
0001ff 9443      	INC  R4
000200 2da4      	MOV  R26,R4
000201 dfd9      	RCALL _lcd_gotoxy
000202 301a      	CPI  R17,10
000203 f1f1      	BREQ _0x2080001
                 _0x2000004:
000204 9453      	INC  R5
000205 9aa8      	SBI  0x15,0
000206 2fa1      	MOV  R26,R17
000207 dfc5      	RCALL __lcd_write_data
000208 98a8      	CBI  0x15,0
000209 c038      	RJMP _0x2080001
                 ; .FEND
                 _lcd_puts:
                 ; .FSTART _lcd_puts
00020a d054      	RCALL __SAVELOCR4
00020b 019d      	MOVW R18,R26
                 _0x2000008:
00020c 01d9      	MOVW R26,R18
                +
00020d 5f2f     +SUBI R18 , LOW ( - 1 )
00020e 4f3f     +SBCI R19 , HIGH ( - 1 )
                 	__ADDWRN 18,19,1
00020f 91ec      	LD   R30,X
000210 2f1e      	MOV  R17,R30
000211 30e0      	CPI  R30,0
000212 f019      	BREQ _0x200000A
000213 2fa1      	MOV  R26,R17
000214 dfe2      	RCALL _lcd_putchar
000215 cff6      	RJMP _0x2000008
                 _0x200000A:
000216 d04d      	RCALL __LOADLOCR4
000217 9624      	ADIW R28,4
000218 9508      	RET
                 ; .FEND
                 _lcd_init:
                 ; .FSTART _lcd_init
000219 931a      	ST   -Y,R17
00021a 2f1a      	MOV  R17,R26
00021b b3e4      	IN   R30,0x14
00021c 6fe0      	ORI  R30,LOW(0xF0)
00021d bbe4      	OUT  0x14,R30
00021e 9aa2      	SBI  0x14,2
00021f 9aa0      	SBI  0x14,0
000220 9aa1      	SBI  0x14,1
000221 98aa      	CBI  0x15,2
000222 98a8      	CBI  0x15,0
000223 98a9      	CBI  0x15,1
000224 2e71      	MOV  R7,R17
000225 2fe1      	MOV  R30,R17
000226 58e0      	SUBI R30,-LOW(128)
                +
000227 93e0 0502+STS __base_y_G100 + ( 2 ) , R30
                 	__PUTB1MN __base_y_G100,2
000229 2fe1      	MOV  R30,R17
00022a 54e0      	SUBI R30,-LOW(192)
                +
00022b 93e0 0503+STS __base_y_G100 + ( 3 ) , R30
                 	__PUTB1MN __base_y_G100,3
00022d e1a4      	LDI  R26,LOW(20)
00022e e0b0      	LDI  R27,0
00022f d04d      	RCALL _delay_ms
000230 d027      	RCALL SUBOPT_0x3
000231 d026      	RCALL SUBOPT_0x3
000232 d025      	RCALL SUBOPT_0x3
000233 e2a0      	LDI  R26,LOW(32)
000234 df83      	RCALL __lcd_write_nibble_G100
                +
000235 e980     +LDI R24 , LOW ( 400 )
000236 e091     +LDI R25 , HIGH ( 400 )
                +__DELAY_USW_LOOP :
000237 9701     +SBIW R24 , 1
000238 f7f1     +BRNE __DELAY_USW_LOOP
                 	__DELAY_USW 400
000239 e2a8      	LDI  R26,LOW(40)
00023a df92      	RCALL __lcd_write_data
00023b e0a4      	LDI  R26,LOW(4)
00023c df90      	RCALL __lcd_write_data
00023d e8a5      	LDI  R26,LOW(133)
00023e df8e      	RCALL __lcd_write_data
00023f e0a6      	LDI  R26,LOW(6)
000240 df8c      	RCALL __lcd_write_data
000241 dfab      	RCALL _lcd_clear
                 _0x2080001:
000242 9119      	LD   R17,Y+
000243 9508      	RET
                 ; .FEND
                 	#ifndef __SLEEP_DEFINED__
                 	#endif
                 
                 	.CSEG
                 
                 	.CSEG
                 
                 	.CSEG
                 
                 	.DSEG
                 __base_y_G100:
000500           	.BYTE 0x4
                 
                 	.CSEG
                 ;OPTIMIZER ADDED SUBROUTINE, CALLED 2 TIMES, CODE SIZE REDUCTION:2 WORDS
                 SUBOPT_0x0:
000244 01de      	MOVW R26,R28
000245 0fae      	ADD  R26,R30
000246 1fbf      	ADC  R27,R31
000247 cfc2      	RJMP _lcd_puts
                 
                 ;OPTIMIZER ADDED SUBROUTINE, CALLED 2 TIMES, CODE SIZE REDUCTION:9 WORDS
                 SUBOPT_0x1:
000248 e5e5      	LDI  R30,LOW(85)
000249 bbe8      	OUT  0x18,R30
00024a bbeb      	OUT  0x1B,R30
00024b eca8      	LDI  R26,LOW(200)
00024c e0b0      	LDI  R27,0
00024d d02f      	RCALL _delay_ms
00024e eaea      	LDI  R30,LOW(170)
00024f bbe8      	OUT  0x18,R30
000250 bbeb      	OUT  0x1B,R30
000251 eca8      	LDI  R26,LOW(200)
000252 e0b0      	LDI  R27,0
000253 c029      	RJMP _delay_ms
                 
                 ;OPTIMIZER ADDED SUBROUTINE, CALLED 2 TIMES, CODE SIZE REDUCTION:1 WORDS
                 SUBOPT_0x2:
000254 df78      	RCALL __lcd_write_data
000255 e0a3      	LDI  R26,LOW(3)
000256 e0b0      	LDI  R27,0
000257 c025      	RJMP _delay_ms
                 
                 ;OPTIMIZER ADDED SUBROUTINE, CALLED 3 TIMES, CODE SIZE REDUCTION:8 WORDS
                 SUBOPT_0x3:
000258 e3a0      	LDI  R26,LOW(48)
000259 df5e      	RCALL __lcd_write_nibble_G100
                +
00025a e980     +LDI R24 , LOW ( 400 )
00025b e091     +LDI R25 , HIGH ( 400 )
                +__DELAY_USW_LOOP :
00025c 9701     +SBIW R24 , 1
00025d f7f1     +BRNE __DELAY_USW_LOOP
                 	__DELAY_USW 400
00025e 9508      	RET
                 
                 ;RUNTIME LIBRARY
                 
                 	.CSEG
                 __SAVELOCR4:
00025f 933a      	ST   -Y,R19
                 __SAVELOCR3:
000260 932a      	ST   -Y,R18
                 __SAVELOCR2:
000261 931a      	ST   -Y,R17
000262 930a      	ST   -Y,R16
000263 9508      	RET
                 
                 __LOADLOCR4:
000264 813b      	LDD  R19,Y+3
                 __LOADLOCR3:
000265 812a      	LDD  R18,Y+2
                 __LOADLOCR2:
000266 8119      	LDD  R17,Y+1
000267 8108      	LD   R16,Y
000268 9508      	RET
                 
                 __INITLOCW:
000269 93af      	PUSH R26
00026a 93bf      	PUSH R27
00026b 01db      	MOVW R26,R22
00026c 0fac      	ADD  R26,R28
00026d 1fbd      	ADC  R27,R29
                 __INITLOC0:
00026e 9005      	LPM  R0,Z+
00026f 920d      	ST   X+,R0
000270 9701      	SBIW R24,1
000271 f7e1      	BRNE __INITLOC0
000272 91bf      	POP  R27
000273 91af      	POP  R26
000274 9508      	RET
                 
                 __MULW12:
                 __MULW12U:
000275 9ffa      	MUL  R31,R26
000276 2df0      	MOV  R31,R0
000277 9feb      	MUL  R30,R27
000278 0df0      	ADD  R31,R0
000279 9fea      	MUL  R30,R26
00027a 2de0      	MOV  R30,R0
00027b 0df1      	ADD  R31,R1
00027c 9508      	RET
                 
                 _delay_ms:
00027d 9610      	adiw r26,0
00027e f039      	breq __delay_ms1
                 __delay_ms0:
00027f 95a8      	wdr
                +
000280 ea80     +LDI R24 , LOW ( 0xFA0 )
000281 e09f     +LDI R25 , HIGH ( 0xFA0 )
                +__DELAY_USW_LOOP :
000282 9701     +SBIW R24 , 1
000283 f7f1     +BRNE __DELAY_USW_LOOP
                 	__DELAY_USW 0xFA0
000284 9711      	sbiw r26,1
000285 f7c9      	brne __delay_ms0
                 __delay_ms1:
000286 9508      	ret
                 
                 ;END OF CODE MARKER
                 __END_OF_CODE:


RESOURCE USE INFORMATION
------------------------

Notice:
The register and instruction counts are symbol table hit counts,
and hence implicitly used resources are not counted, eg, the
'lpm' instruction without operands implicitly uses r0 and z,
none of which are counted.

x,y,z are separate entities in the symbol table and are
counted separately from r26..r31 here.

.dseg memory usage only counts static data declared with .byte

ATmega128A register use summary:
r0 :  11 r1 :   2 r2 :   0 r3 :   0 r4 :   4 r5 :   4 r6 :   0 r7 :   2 
r8 :   0 r9 :   0 r10:   0 r11:   0 r12:   0 r13:   0 r14:   0 r15:   0 
r16:  13 r17:  28 r18:   5 r19:   3 r20:   0 r21:   0 r22:   4 r23:   1 
r24:  24 r25:   7 r26:  50 r27:  15 r28:  10 r29:   3 r30:  78 r31:  12 
x  :   5 y  :  25 z  :   9 
Registers used: 22 out of 35 (62.9%)

ATmega128A instruction use summary:
.lds  :   0 .lds.l:   0 .sts  :   0 .sts.l:   0 adc   :   2 add   :   6 
adiw  :   5 and   :   0 andi  :   2 asr   :   0 bclr  :   0 bld   :   0 
brbc  :   0 brbs  :   0 brcc  :   0 brcs  :   0 break :   0 breq  :   5 
brge  :   1 brhc  :   0 brhs  :   0 brid  :   0 brie  :   0 brlo  :   1 
brlt  :   0 brmi  :   0 brne  :  12 brpl  :   0 brsh  :   0 brtc  :   0 
brts  :   0 brvc  :   0 brvs  :   0 bset  :   0 bst   :   0 call  :   0 
cbi   :   5 cbr   :   0 clc   :   0 clh   :   0 cli   :   1 cln   :   0 
clr   :   2 cls   :   0 clt   :   0 clv   :   0 clz   :   0 com   :   0 
cp    :   1 cpc   :   1 cpi   :   4 cpse  :   0 dec   :   4 des   :   0 
elpm  :   0 eor   :   0 fmul  :   0 fmuls :   0 fmulsu:   0 icall :   0 
ijmp  :   0 in    :   2 inc   :   2 jmp   :  36 ld    :   7 ldd   :   6 
ldi   :  73 lds   :   0 lpm   :   8 lsl   :   0 lsr   :   0 mov   :  21 
movw  :   9 mul   :   5 muls  :   0 mulsu :   0 neg   :   0 nop   :   0 
or    :   1 ori   :   1 out   :  20 pop   :   2 push  :   2 rcall :  36 
ret   :  11 reti  :   0 rjmp  :  10 rol   :   0 ror   :   0 sbc   :   0 
sbci  :   3 sbi   :   5 sbic  :   0 sbis  :   0 sbiw  :  13 sbr   :   0 
sbrc  :   0 sbrs  :   0 sec   :   0 seh   :   0 sei   :   0 sen   :   0 
ser   :   0 ses   :   0 set   :   0 sev   :   0 sez   :   0 sleep :   0 
spm   :   0 st    :  18 std   :   0 sts   :   3 sub   :   0 subi  :   6 
swap  :   1 tst   :   0 wdr   :   1 
Instructions used: 41 out of 117 (35.0%)

ATmega128A memory use summary [bytes]:
Segment   Begin    End      Code   Data   Used    Size   Use%
---------------------------------------------------------------
[.cseg] 0x000000 0x00050e    786    508   1294  131072   1.0%
[.dseg] 0x000100 0x000504      0      4      4    4096   0.1%
[.eseg] 0x000000 0x000000      0      0      0    4096   0.0%

Assembly complete, 0 errors, 3 warnings
